2022-05-18 09:57:08
<b>EWWWIO_Relative_Migration::maybe_schedule()</b>
<b>ewww_image_optimizer_init()</b>
checking active plugins
<b>EWWWIO_Relative_Migration::add_migration_schedule()</b>
<b>ewww_image_optimizer_admin_init()</b>
<b>EIO_Base::content_url()</b>
upload_url: https://med-beauty.net/renew/wp-content/uploads/
<b>EIO_Base::__construct()</b>
plugin (resource) content_url: https://med-beauty.net/renew/wp-content/ewww/
plugin (resource) content_dir: /home/xs947781/med-beauty.net/public_html/renew/wp-content/ewww/
home url: https://med-beauty.net/renew/
relative home url: //med-beauty.net/renew/
home domain: med-beauty.net
site/upload url: https://med-beauty.net
site/upload domain: med-beauty.net
<b>ewww_image_optimizer_cloud_init()</b>
<b>ewww_image_optimizer_upgrade()</b>
<b>ewww_image_optimizer_exec_init()</b>
<b>ewww_image_optimizer_cron_setup()</b>
<b>ewww_image_optimizer_ajax_compat_check()</b>
doing wp_ewwwio_test_optimize
<b>EWWWIO_Tracking::schedule_send()</b>
<b>EWWWIO_Test_Optimize_Handler::handle()</b>
2022-05-18 09:57:11
<b>EWWWIO_Relative_Migration::maybe_schedule()</b>
<b>ewww_image_optimizer_init()</b>
checking active plugins
<b>EWWWIO_Relative_Migration::add_migration_schedule()</b>
<b>ewww_image_optimizer_admin_init()</b>
<b>EIO_Base::content_url()</b>
upload_url: https://med-beauty.net/renew/wp-content/uploads/
<b>EIO_Base::__construct()</b>
plugin (resource) content_url: https://med-beauty.net/renew/wp-content/ewww/
plugin (resource) content_dir: /home/xs947781/med-beauty.net/public_html/renew/wp-content/ewww/
home url: https://med-beauty.net/renew/
relative home url: //med-beauty.net/renew/
home domain: med-beauty.net
site/upload url: https://med-beauty.net
site/upload domain: med-beauty.net
<b>ewww_image_optimizer_cloud_init()</b>
<b>ewww_image_optimizer_upgrade()</b>
<b>ewww_image_optimizer_exec_init()</b>
<b>ewww_image_optimizer_cron_setup()</b>
<b>ewww_image_optimizer_ajax_compat_check()</b>
doing wp_ewwwio_test_optimize
<b>EWWWIO_Tracking::schedule_send()</b>
<b>EWWWIO_Test_Optimize_Handler::handle()</b>
2022-05-18 09:57:17
<b>EWWWIO_Relative_Migration::maybe_schedule()</b>
<b>ewww_image_optimizer_init()</b>
checking active plugins
<b>EWWWIO_Relative_Migration::add_migration_schedule()</b>
<b>ewww_image_optimizer_admin_init()</b>
<b>EIO_Base::content_url()</b>
upload_url: https://med-beauty.net/renew/wp-content/uploads/
<b>EIO_Base::__construct()</b>
plugin (resource) content_url: https://med-beauty.net/renew/wp-content/ewww/
plugin (resource) content_dir: /home/xs947781/med-beauty.net/public_html/renew/wp-content/ewww/
home url: https://med-beauty.net/renew/
relative home url: //med-beauty.net/renew/
home domain: med-beauty.net
site/upload url: https://med-beauty.net
site/upload domain: med-beauty.net
<b>ewww_image_optimizer_cloud_init()</b>
<b>ewww_image_optimizer_upgrade()</b>
<b>ewww_image_optimizer_exec_init()</b>
<b>ewww_image_optimizer_cron_setup()</b>
<b>ewww_image_optimizer_ajax_compat_check()</b>
doing wp_ewwwio_test_optimize
<b>EWWWIO_Tracking::schedule_send()</b>
<b>EWWWIO_Test_Optimize_Handler::handle()</b>
2022-05-18 09:57:27
<b>EWWWIO_Relative_Migration::maybe_schedule()</b>
<b>ewww_image_optimizer_init()</b>
checking active plugins
<b>EWWWIO_Relative_Migration::add_migration_schedule()</b>
<b>ewww_image_optimizer_admin_init()</b>
<b>EIO_Base::content_url()</b>
upload_url: https://med-beauty.net/renew/wp-content/uploads/
<b>EIO_Base::__construct()</b>
plugin (resource) content_url: https://med-beauty.net/renew/wp-content/ewww/
plugin (resource) content_dir: /home/xs947781/med-beauty.net/public_html/renew/wp-content/ewww/
home url: https://med-beauty.net/renew/
relative home url: //med-beauty.net/renew/
home domain: med-beauty.net
site/upload url: https://med-beauty.net
site/upload domain: med-beauty.net
<b>ewww_image_optimizer_cloud_init()</b>
<b>ewww_image_optimizer_upgrade()</b>
<b>ewww_image_optimizer_exec_init()</b>
<b>ewww_image_optimizer_cron_setup()</b>
<b>ewww_image_optimizer_ajax_compat_check()</b>
doing wp_ewwwio_test_optimize
<b>EWWWIO_Tracking::schedule_send()</b>
<b>EWWWIO_Test_Optimize_Handler::handle()</b>
2022-05-18 09:57:30
<b>EWWWIO_Relative_Migration::maybe_schedule()</b>
<b>ewww_image_optimizer_init()</b>
checking active plugins
<b>EWWWIO_Relative_Migration::add_migration_schedule()</b>
<b>ewww_image_optimizer_admin_init()</b>
<b>EIO_Base::content_url()</b>
upload_url: https://med-beauty.net/renew/wp-content/uploads/
<b>EIO_Base::__construct()</b>
plugin (resource) content_url: https://med-beauty.net/renew/wp-content/ewww/
plugin (resource) content_dir: /home/xs947781/med-beauty.net/public_html/renew/wp-content/ewww/
home url: https://med-beauty.net/renew/
relative home url: //med-beauty.net/renew/
home domain: med-beauty.net
site/upload url: https://med-beauty.net
site/upload domain: med-beauty.net
<b>ewww_image_optimizer_cloud_init()</b>
<b>ewww_image_optimizer_upgrade()</b>
<b>ewww_image_optimizer_exec_init()</b>
<b>ewww_image_optimizer_cron_setup()</b>
<b>ewww_image_optimizer_ajax_compat_check()</b>
doing wp_ewwwio_test_optimize
<b>EWWWIO_Tracking::schedule_send()</b>
<b>EWWWIO_Test_Optimize_Handler::handle()</b>
2022-05-18 09:57:32
<b>EWWWIO_Relative_Migration::maybe_schedule()</b>
<b>ewww_image_optimizer_init()</b>
checking active plugins
<b>EWWWIO_Relative_Migration::add_migration_schedule()</b>
<b>ewww_image_optimizer_admin_init()</b>
<b>EIO_Base::content_url()</b>
upload_url: https://med-beauty.net/renew/wp-content/uploads/
<b>EIO_Base::__construct()</b>
plugin (resource) content_url: https://med-beauty.net/renew/wp-content/ewww/
plugin (resource) content_dir: /home/xs947781/med-beauty.net/public_html/renew/wp-content/ewww/
home url: https://med-beauty.net/renew/
relative home url: //med-beauty.net/renew/
home domain: med-beauty.net
site/upload url: https://med-beauty.net
site/upload domain: med-beauty.net
<b>ewww_image_optimizer_cloud_init()</b>
<b>ewww_image_optimizer_upgrade()</b>
<b>ewww_image_optimizer_exec_init()</b>
<b>ewww_image_optimizer_cron_setup()</b>
<b>ewww_image_optimizer_ajax_compat_check()</b>
doing wp_ewwwio_test_optimize
<b>EWWWIO_Tracking::schedule_send()</b>
<b>EWWWIO_Test_Optimize_Handler::handle()</b>
2022-05-18 09:57:38
<b>EWWWIO_Relative_Migration::maybe_schedule()</b>
<b>ewww_image_optimizer_init()</b>
checking active plugins
<b>EWWWIO_Relative_Migration::add_migration_schedule()</b>
<b>ewww_image_optimizer_admin_init()</b>
<b>EIO_Base::content_url()</b>
upload_url: https://med-beauty.net/renew/wp-content/uploads/
<b>EIO_Base::__construct()</b>
plugin (resource) content_url: https://med-beauty.net/renew/wp-content/ewww/
plugin (resource) content_dir: /home/xs947781/med-beauty.net/public_html/renew/wp-content/ewww/
home url: https://med-beauty.net/renew/
relative home url: //med-beauty.net/renew/
home domain: med-beauty.net
site/upload url: https://med-beauty.net
site/upload domain: med-beauty.net
<b>ewww_image_optimizer_cloud_init()</b>
<b>ewww_image_optimizer_upgrade()</b>
<b>ewww_image_optimizer_exec_init()</b>
<b>ewww_image_optimizer_cron_setup()</b>
<b>ewww_image_optimizer_ajax_compat_check()</b>
doing wp_ewwwio_test_optimize
<b>EWWWIO_Tracking::schedule_send()</b>
<b>EWWWIO_Test_Optimize_Handler::handle()</b>
2022-05-18 09:57:43
<b>EWWWIO_Relative_Migration::maybe_schedule()</b>
<b>ewww_image_optimizer_init()</b>
checking active plugins
<b>EWWWIO_Relative_Migration::add_migration_schedule()</b>
<b>ewww_image_optimizer_admin_init()</b>
<b>EIO_Base::content_url()</b>
upload_url: https://med-beauty.net/renew/wp-content/uploads/
<b>EIO_Base::__construct()</b>
plugin (resource) content_url: https://med-beauty.net/renew/wp-content/ewww/
plugin (resource) content_dir: /home/xs947781/med-beauty.net/public_html/renew/wp-content/ewww/
home url: https://med-beauty.net/renew/
relative home url: //med-beauty.net/renew/
home domain: med-beauty.net
site/upload url: https://med-beauty.net
site/upload domain: med-beauty.net
<b>ewww_image_optimizer_cloud_init()</b>
<b>ewww_image_optimizer_upgrade()</b>
<b>ewww_image_optimizer_exec_init()</b>
<b>ewww_image_optimizer_cron_setup()</b>
<b>ewww_image_optimizer_ajax_compat_check()</b>
doing wp_ewwwio_test_optimize
<b>EWWWIO_Tracking::schedule_send()</b>
<b>EWWWIO_Test_Optimize_Handler::handle()</b>
2022-05-18 09:57:55
<b>EWWWIO_Relative_Migration::maybe_schedule()</b>
<b>ewww_image_optimizer_init()</b>
checking active plugins
<b>EWWWIO_Relative_Migration::add_migration_schedule()</b>
<b>EWWWIO_Relative_Migration::add_migration_schedule()</b>
<b>EWWWIO_Relative_Migration::migrate()</b>
<b>EWWWIO_Relative_Migration::get_records()</b>
starting at 2022-05-18 09:57:55 with offset 500
already migrated
already migrated
already migrated
already migrated
already migrated
already migrated
already migrated
already migrated
already migrated
already migrated
already migrated
already migrated
already migrated
already migrated
already migrated
already migrated
already migrated
already migrated
already migrated
already migrated
already migrated
already migrated
already migrated
already migrated
already migrated
already migrated
already migrated
already migrated
already migrated
already migrated
already migrated
already migrated
already migrated
already migrated
already migrated
already migrated
already migrated
already migrated
already migrated
already migrated
already migrated
already migrated
already migrated
already migrated
already migrated
already migrated
already migrated
already migrated
already migrated
already migrated
already migrated
already migrated
already migrated
already migrated
already migrated
already migrated
already migrated
already migrated
already migrated
already migrated
already migrated
already migrated
already migrated
already migrated
already migrated
already migrated
already migrated
already migrated
already migrated
already migrated
already migrated
already migrated
already migrated
already migrated
already migrated
already migrated
already migrated
already migrated
already migrated
already migrated
already migrated
already migrated
already migrated
already migrated
already migrated
already migrated
already migrated
already migrated
already migrated
already migrated
already migrated
already migrated
already migrated
already migrated
already migrated
already migrated
already migrated
already migrated
already migrated
already migrated
already migrated
already migrated
already migrated
already migrated
already migrated
already migrated
already migrated
already migrated
already migrated
already migrated
already migrated
already migrated
already migrated
already migrated
already migrated
already migrated
already migrated
already migrated
already migrated
already migrated
already migrated
already migrated
already migrated
already migrated
already migrated
already migrated
already migrated
already migrated
already migrated
already migrated
already migrated
already migrated
already migrated
already migrated
already migrated
already migrated
already migrated
already migrated
already migrated
already migrated
already migrated
already migrated
already migrated
already migrated
already migrated
already migrated
already migrated
already migrated
already migrated
already migrated
already migrated
already migrated
already migrated
already migrated
already migrated
already migrated
already migrated
already migrated
already migrated
already migrated
already migrated
already migrated
already migrated
already migrated
already migrated
already migrated
already migrated
already migrated
already migrated
already migrated
already migrated
already migrated
already migrated
already migrated
already migrated
already migrated
already migrated
already migrated
already migrated
already migrated
already migrated
already migrated
already migrated
already migrated
already migrated
already migrated
already migrated
already migrated
already migrated
already migrated
already migrated
already migrated
already migrated
already migrated
already migrated
already migrated
already migrated
already migrated
already migrated
already migrated
already migrated
already migrated
already migrated
already migrated
already migrated
already migrated
already migrated
already migrated
already migrated
already migrated
already migrated
already migrated
already migrated
already migrated
already migrated
already migrated
already migrated
already migrated
already migrated
already migrated
already migrated
already migrated
already migrated
already migrated
already migrated
already migrated
already migrated
already migrated
already migrated
already migrated
already migrated
already migrated
already migrated
already migrated
already migrated
already migrated
already migrated
already migrated
already migrated
already migrated
already migrated
already migrated
already migrated
already migrated
already migrated
already migrated
already migrated
already migrated
already migrated
already migrated
already migrated
already migrated
already migrated
already migrated
already migrated
already migrated
already migrated
already migrated
already migrated
already migrated
already migrated
already migrated
already migrated
already migrated
already migrated
already migrated
already migrated
already migrated
already migrated
already migrated
already migrated
already migrated
already migrated
already migrated
already migrated
already migrated
already migrated
already migrated
already migrated
already migrated
already migrated
already migrated
already migrated
already migrated
already migrated
already migrated
already migrated
already migrated
already migrated
already migrated
already migrated
already migrated
already migrated
already migrated
already migrated
already migrated
already migrated
already migrated
already migrated
already migrated
already migrated
already migrated
already migrated
already migrated
already migrated
already migrated
already migrated
already migrated
already migrated
already migrated
already migrated
already migrated
already migrated
already migrated
already migrated
already migrated
already migrated
already migrated
already migrated
already migrated
already migrated
already migrated
already migrated
already migrated
already migrated
already migrated
already migrated
already migrated
already migrated
already migrated
already migrated
already migrated
already migrated
already migrated
already migrated
already migrated
already migrated
already migrated
already migrated
already migrated
already migrated
already migrated
already migrated
already migrated
already migrated
already migrated
already migrated
already migrated
already migrated
already migrated
already migrated
already migrated
already migrated
already migrated
already migrated
already migrated
already migrated
already migrated
already migrated
already migrated
already migrated
already migrated
already migrated
already migrated
already migrated
already migrated
already migrated
already migrated
already migrated
already migrated
already migrated
already migrated
already migrated
already migrated
already migrated
already migrated
already migrated
already migrated
already migrated
already migrated
already migrated
already migrated
already migrated
already migrated
already migrated
already migrated
already migrated
already migrated
already migrated
already migrated
already migrated
already migrated
already migrated
already migrated
already migrated
already migrated
already migrated
already migrated
already migrated
already migrated
already migrated
already migrated
already migrated
already migrated
already migrated
already migrated
already migrated
already migrated
already migrated
already migrated
already migrated
already migrated
already migrated
already migrated
already migrated
already migrated
already migrated
already migrated
already migrated
already migrated
already migrated
already migrated
already migrated
already migrated
already migrated
already migrated
already migrated
already migrated
already migrated
already migrated
already migrated
already migrated
already migrated
already migrated
already migrated
already migrated
already migrated
already migrated
already migrated
already migrated
already migrated
already migrated
already migrated
already migrated
already migrated
already migrated
already migrated
already migrated
already migrated
already migrated
already migrated
already migrated
already migrated
already migrated
already migrated
already migrated
already migrated
already migrated
already migrated
already migrated
already migrated
already migrated
already migrated
already migrated
already migrated
already migrated
already migrated
already migrated
already migrated
already migrated
already migrated
already migrated
already migrated
already migrated
already migrated
already migrated
already migrated
already migrated
already migrated
already migrated
already migrated
already migrated
already migrated
already migrated
already migrated
already migrated
already migrated
already migrated
already migrated
already migrated
already migrated
already migrated
already migrated
already migrated
already migrated
already migrated
already migrated
already migrated
already migrated
already migrated
<b>EWWWIO_Relative_Migration::get_records()</b>
already migrated
already migrated
already migrated
already migrated
already migrated
already migrated
already migrated
already migrated
already migrated
already migrated
already migrated
already migrated
already migrated
already migrated
already migrated
already migrated
already migrated
already migrated
already migrated
already migrated
already migrated
already migrated
already migrated
already migrated
already migrated
already migrated
already migrated
already migrated
already migrated
already migrated
already migrated
already migrated
already migrated
already migrated
already migrated
already migrated
already migrated
already migrated
already migrated
already migrated
already migrated
already migrated
already migrated
already migrated
already migrated
already migrated
already migrated
already migrated
already migrated
already migrated
already migrated
already migrated
already migrated
already migrated
already migrated
already migrated
already migrated
already migrated
already migrated
already migrated
already migrated
already migrated
already migrated
already migrated
already migrated
already migrated
already migrated
already migrated
already migrated
already migrated
already migrated
already migrated
already migrated
already migrated
already migrated
already migrated
already migrated
already migrated
already migrated
already migrated
already migrated
already migrated
already migrated
already migrated
already migrated
already migrated
already migrated
already migrated
already migrated
already migrated
already migrated
already migrated
already migrated
already migrated
already migrated
already migrated
already migrated
already migrated
already migrated
already migrated
already migrated
already migrated
already migrated
already migrated
already migrated
already migrated
already migrated
already migrated
already migrated
already migrated
already migrated
already migrated
already migrated
already migrated
already migrated
already migrated
already migrated
already migrated
already migrated
already migrated
already migrated
already migrated
already migrated
already migrated
already migrated
already migrated
already migrated
already migrated
already migrated
already migrated
already migrated
already migrated
already migrated
already migrated
already migrated
already migrated
already migrated
already migrated
already migrated
already migrated
already migrated
already migrated
already migrated
already migrated
already migrated
already migrated
already migrated
already migrated
already migrated
already migrated
already migrated
already migrated
already migrated
already migrated
already migrated
already migrated
already migrated
already migrated
already migrated
already migrated
already migrated
already migrated
already migrated
already migrated
already migrated
already migrated
already migrated
already migrated
already migrated
already migrated
already migrated
already migrated
already migrated
already migrated
already migrated
already migrated
already migrated
already migrated
already migrated
already migrated
already migrated
already migrated
already migrated
already migrated
already migrated
already migrated
already migrated
already migrated
already migrated
already migrated
already migrated
already migrated
already migrated
already migrated
already migrated
already migrated
already migrated
already migrated
already migrated
already migrated
already migrated
already migrated
already migrated
already migrated
already migrated
already migrated
already migrated
already migrated
already migrated
already migrated
already migrated
already migrated
already migrated
already migrated
already migrated
already migrated
already migrated
already migrated
already migrated
already migrated
already migrated
already migrated
already migrated
already migrated
already migrated
already migrated
already migrated
already migrated
already migrated
already migrated
already migrated
already migrated
already migrated
already migrated
already migrated
already migrated
already migrated
already migrated
already migrated
already migrated
already migrated
already migrated
already migrated
already migrated
already migrated
already migrated
already migrated
already migrated
already migrated
already migrated
already migrated
already migrated
already migrated
already migrated
already migrated
already migrated
already migrated
already migrated
already migrated
already migrated
already migrated
already migrated
already migrated
already migrated
already migrated
already migrated
already migrated
already migrated
already migrated
already migrated
already migrated
already migrated
already migrated
already migrated
already migrated
already migrated
already migrated
already migrated
already migrated
already migrated
already migrated
already migrated
already migrated
already migrated
already migrated
already migrated
already migrated
already migrated
already migrated
already migrated
already migrated
already migrated
already migrated
already migrated
already migrated
already migrated
already migrated
already migrated
already migrated
already migrated
already migrated
already migrated
already migrated
already migrated
already migrated
already migrated
already migrated
already migrated
already migrated
already migrated
already migrated
already migrated
already migrated
already migrated
already migrated
already migrated
already migrated
already migrated
already migrated
already migrated
already migrated
already migrated
already migrated
already migrated
already migrated
already migrated
already migrated
already migrated
already migrated
already migrated
already migrated
already migrated
already migrated
already migrated
already migrated
already migrated
already migrated
already migrated
already migrated
already migrated
already migrated
already migrated
already migrated
already migrated
already migrated
already migrated
already migrated
already migrated
already migrated
already migrated
already migrated
already migrated
already migrated
already migrated
already migrated
already migrated
already migrated
already migrated
already migrated
already migrated
already migrated
already migrated
already migrated
already migrated
already migrated
already migrated
already migrated
already migrated
already migrated
already migrated
already migrated
already migrated
already migrated
already migrated
already migrated
already migrated
already migrated
already migrated
already migrated
already migrated
already migrated
already migrated
already migrated
already migrated
already migrated
already migrated
already migrated
already migrated
already migrated
already migrated
already migrated
already migrated
already migrated
already migrated
already migrated
already migrated
already migrated
already migrated
already migrated
already migrated
already migrated
already migrated
already migrated
already migrated
already migrated
already migrated
already migrated
already migrated
already migrated
already migrated
already migrated
already migrated
already migrated
already migrated
already migrated
already migrated
already migrated
already migrated
already migrated
already migrated
already migrated
already migrated
already migrated
already migrated
already migrated
already migrated
already migrated
already migrated
already migrated
already migrated
already migrated
already migrated
already migrated
already migrated
already migrated
already migrated
already migrated
already migrated
already migrated
already migrated
already migrated
already migrated
already migrated
already migrated
already migrated
already migrated
already migrated
already migrated
already migrated
already migrated
already migrated
already migrated
already migrated
already migrated
already migrated
already migrated
already migrated
already migrated
already migrated
already migrated
already migrated
already migrated
already migrated
already migrated
already migrated
already migrated
already migrated
already migrated
already migrated
already migrated
already migrated
already migrated
already migrated
already migrated
already migrated
already migrated
already migrated
already migrated
already migrated
already migrated
already migrated
already migrated
already migrated
already migrated
already migrated
already migrated
already migrated
already migrated
already migrated
already migrated
already migrated
already migrated
already migrated
already migrated
already migrated
already migrated
already migrated
already migrated
already migrated
already migrated
<b>EWWWIO_Relative_Migration::get_records()</b>
already migrated
already migrated
already migrated
already migrated
already migrated
already migrated
already migrated
already migrated
already migrated
already migrated
already migrated
already migrated
already migrated
already migrated
already migrated
already migrated
already migrated
already migrated
already migrated
already migrated
already migrated
already migrated
already migrated
already migrated
already migrated
already migrated
already migrated
already migrated
already migrated
already migrated
already migrated
already migrated
already migrated
already migrated
already migrated
already migrated
already migrated
already migrated
already migrated
already migrated
already migrated
already migrated
already migrated
already migrated
already migrated
already migrated
already migrated
already migrated
already migrated
already migrated
already migrated
already migrated
already migrated
already migrated
already migrated
already migrated
already migrated
already migrated
already migrated
already migrated
already migrated
already migrated
already migrated
already migrated
already migrated
already migrated
already migrated
already migrated
already migrated
already migrated
already migrated
already migrated
already migrated
already migrated
already migrated
already migrated
already migrated
already migrated
already migrated
already migrated
already migrated
already migrated
already migrated
already migrated
already migrated
already migrated
already migrated
already migrated
already migrated
already migrated
already migrated
already migrated
already migrated
already migrated
already migrated
already migrated
already migrated
already migrated
already migrated
already migrated
already migrated
already migrated
already migrated
already migrated
already migrated
already migrated
already migrated
already migrated
already migrated
already migrated
already migrated
already migrated
already migrated
already migrated
already migrated
already migrated
already migrated
already migrated
already migrated
already migrated
already migrated
already migrated
already migrated
already migrated
already migrated
already migrated
already migrated
already migrated
already migrated
already migrated
already migrated
already migrated
already migrated
already migrated
already migrated
already migrated
already migrated
already migrated
already migrated
already migrated
already migrated
already migrated
already migrated
already migrated
already migrated
already migrated
already migrated
already migrated
already migrated
already migrated
already migrated
already migrated
already migrated
already migrated
already migrated
already migrated
already migrated
already migrated
already migrated
already migrated
already migrated
already migrated
already migrated
already migrated
already migrated
already migrated
already migrated
already migrated
already migrated
already migrated
already migrated
already migrated
already migrated
already migrated
already migrated
already migrated
already migrated
already migrated
already migrated
already migrated
already migrated
already migrated
already migrated
already migrated
already migrated
already migrated
already migrated
already migrated
already migrated
already migrated
already migrated
already migrated
already migrated
already migrated
already migrated
already migrated
already migrated
already migrated
already migrated
already migrated
already migrated
already migrated
already migrated
already migrated
already migrated
already migrated
already migrated
already migrated
already migrated
already migrated
already migrated
already migrated
already migrated
already migrated
already migrated
already migrated
already migrated
already migrated
already migrated
already migrated
already migrated
already migrated
already migrated
already migrated
already migrated
already migrated
already migrated
already migrated
already migrated
already migrated
already migrated
already migrated
already migrated
already migrated
already migrated
already migrated
already migrated
already migrated
already migrated
already migrated
already migrated
already migrated
already migrated
already migrated
already migrated
already migrated
already migrated
already migrated
already migrated
already migrated
already migrated
already migrated
already migrated
already migrated
already migrated
already migrated
already migrated
already migrated
already migrated
already migrated
already migrated
already migrated
already migrated
already migrated
already migrated
already migrated
already migrated
already migrated
already migrated
already migrated
already migrated
already migrated
already migrated
already migrated
already migrated
already migrated
already migrated
already migrated
already migrated
already migrated
already migrated
already migrated
already migrated
already migrated
already migrated
already migrated
already migrated
already migrated
already migrated
already migrated
already migrated
already migrated
already migrated
already migrated
already migrated
already migrated
already migrated
already migrated
already migrated
already migrated
already migrated
already migrated
already migrated
already migrated
already migrated
already migrated
already migrated
already migrated
already migrated
already migrated
already migrated
already migrated
already migrated
already migrated
already migrated
already migrated
already migrated
already migrated
already migrated
already migrated
already migrated
already migrated
already migrated
already migrated
already migrated
already migrated
already migrated
already migrated
already migrated
already migrated
already migrated
already migrated
already migrated
already migrated
already migrated
already migrated
already migrated
already migrated
already migrated
already migrated
already migrated
already migrated
already migrated
already migrated
already migrated
already migrated
already migrated
already migrated
already migrated
already migrated
already migrated
already migrated
already migrated
already migrated
already migrated
already migrated
already migrated
already migrated
already migrated
already migrated
already migrated
already migrated
already migrated
already migrated
already migrated
already migrated
already migrated
already migrated
already migrated
already migrated
already migrated
already migrated
already migrated
already migrated
already migrated
already migrated
already migrated
already migrated
already migrated
already migrated
already migrated
already migrated
already migrated
already migrated
already migrated
already migrated
already migrated
already migrated
already migrated
already migrated
already migrated
already migrated
already migrated
already migrated
already migrated
already migrated
already migrated
already migrated
already migrated
already migrated
already migrated
already migrated
already migrated
already migrated
already migrated
already migrated
already migrated
already migrated
already migrated
already migrated
already migrated
already migrated
already migrated
already migrated
already migrated
already migrated
already migrated
already migrated
already migrated
already migrated
already migrated
already migrated
already migrated
already migrated
already migrated
already migrated
already migrated
already migrated
already migrated
already migrated
already migrated
already migrated
already migrated
already migrated
already migrated
already migrated
already migrated
already migrated
already migrated
already migrated
already migrated
already migrated
already migrated
already migrated
already migrated
already migrated
already migrated
already migrated
already migrated
already migrated
already migrated
already migrated
<b>EWWWIO_Relative_Migration::get_records()</b>
<b>EWWWIO_Relative_Migration::unschedule()</b>
2022-05-18 09:57:55
<b>ewww_image_optimizer_init()</b>
checking active plugins
<b>ewww_image_optimizer_admin_init()</b>
<b>EIO_Base::content_url()</b>
upload_url: https://med-beauty.net/renew/wp-content/uploads/
<b>EIO_Base::__construct()</b>
plugin (resource) content_url: https://med-beauty.net/renew/wp-content/ewww/
plugin (resource) content_dir: /home/xs947781/med-beauty.net/public_html/renew/wp-content/ewww/
home url: https://med-beauty.net/renew/
relative home url: //med-beauty.net/renew/
home domain: med-beauty.net
site/upload url: https://med-beauty.net
site/upload domain: med-beauty.net
<b>ewww_image_optimizer_cloud_init()</b>
<b>ewww_image_optimizer_upgrade()</b>
<b>ewww_image_optimizer_exec_init()</b>
<b>ewww_image_optimizer_cron_setup()</b>
<b>ewww_image_optimizer_ajax_compat_check()</b>
doing query-attachments
<b>EWWWIO_Tracking::schedule_send()</b>
2022-05-18 09:58:03
<b>ewww_image_optimizer_init()</b>
checking active plugins
<b>ewww_image_optimizer_admin_init()</b>
<b>EIO_Base::content_url()</b>
upload_url: https://med-beauty.net/renew/wp-content/uploads/
<b>EIO_Base::__construct()</b>
plugin (resource) content_url: https://med-beauty.net/renew/wp-content/ewww/
plugin (resource) content_dir: /home/xs947781/med-beauty.net/public_html/renew/wp-content/ewww/
home url: https://med-beauty.net/renew/
relative home url: //med-beauty.net/renew/
home domain: med-beauty.net
site/upload url: https://med-beauty.net
site/upload domain: med-beauty.net
<b>ewww_image_optimizer_cloud_init()</b>
<b>ewww_image_optimizer_upgrade()</b>
<b>ewww_image_optimizer_exec_init()</b>
<b>ewww_image_optimizer_cron_setup()</b>
<b>ewww_image_optimizer_ajax_compat_check()</b>
doing ewww_manual_optimize
<b>EWWWIO_Tracking::schedule_send()</b>
<b>ewww_image_optimizer_manual()</b>
<b>ewww_image_optimizer_resize_from_meta_data()</b>
attachment id: 1182
this image already has metadata, so it is not new
<b>ewww_image_optimizer_attachment_path()</b>
WP (filtered) thinks the file is at: /home/xs947781/med-beauty.net/public_html/renew/wp-content/uploads/2022/02/IMG_6047.jpeg
retrieved file path: /home/xs947781/med-beauty.net/public_html/renew/wp-content/uploads/2022/02/IMG_6047.jpeg
<b>ewww_image_optimizer_mimetype()</b>
testing mimetype: /home/xs947781/med-beauty.net/public_html/renew/wp-content/uploads/2022/02/IMG_6047.jpeg
ffd8ffe000104a4649460001
ewwwio type: image/jpeg
<b>ewww_image_optimizer_attachment_check_variant_level()</b>
creating EWWW_Image with /home/xs947781/med-beauty.net/public_html/renew/wp-content/uploads/2022/02/IMG_6047.jpeg
<b>ewww_image_optimizer_find_already_optimized()</b>
not a new image, resize existing enabled, and Imsanity not detected
<b>ewww_image_optimizer_resize_upload()</b>
resizing images from somewhere else
other dimensions not set, overriding with media dimensions
uploaded from: https://med-beauty.net/renew/wp-admin/upload.php?mode=list
<b>ewww_image_optimizer_mimetype()</b>
testing mimetype: /home/xs947781/med-beauty.net/public_html/renew/wp-content/uploads/2022/02/IMG_6047.jpeg
ffd8ffe000104a4649460001
ewwwio type: image/jpeg
image too small for resizing
<b>ewww_image_optimizer_detect_wpsf_location_lock()</b>
<b>ewww_image_optimizer_detect_wpsf_location_lock()</b>
running in sequence
<b>ewww_image_optimizer()</b>
<b>ewww_image_optimizer_exec_check()</b>
permissions: 0604, owner: xxxxxxxx7781, group: xxxxxmbers
<b>ewww_image_optimizer_mimetype()</b>
testing mimetype: /home/xs947781/med-beauty.net/public_html/renew/wp-content/uploads/2022/02/IMG_6047.jpeg
ffd8ffe000104a4649460001
ewwwio type: image/jpeg
<b>ewww_image_optimizer_find_nix_binary()</b>
<b>ewww_image_optimizer_tool_found()</b>
testing case: n at /usr/bin/nice
/usr/bin/nice: 0
nice found
<b>ewww_image_optimizer_skip_tools()</b>
enabled: jpegtran
enabled: optipng
enabled: gifsicle
original filesize: 57508
<b>ewww_image_optimizer_path_check()</b>
<b>ewww_image_optimizer_find_nix_binary()</b>
found /home/xs947781/med-beauty.net/public_html/renew/wp-content/ewww/jpegtran, testing...
<b>ewww_image_optimizer_md5check()</b>
/home/xs947781/med-beauty.net/public_html/renew/wp-content/ewww/jpegtran: c0a44f6f16ddc78d8d027ffd3e09c512d637876833c5ffaaf5b1e7acd5ce3cda
checksum verified, binary is intact
<b>ewww_image_optimizer_mimetype()</b>
testing mimetype: /home/xs947781/med-beauty.net/public_html/renew/wp-content/ewww/jpegtran
7f454c46
ewwwio type: application/x-executable
<b>ewww_image_optimizer_tool_found()</b>
testing case: j at /home/xs947781/med-beauty.net/public_html/renew/wp-content/ewww/jpegtran
/home/xs947781/med-beauty.net/public_html/renew/wp-content/ewww/jpegtran: Independent JPEG Group's JPEGTRAN, version 9d  12-Jan-2020
optimizer found
defining EWWW_IMAGE_OPTIMIZER_JPEGTRAN
using: /home/xs947781/med-beauty.net/public_html/renew/wp-content/ewww/jpegtran
<b>ewww_image_optimizer_autorotate()</b>
<b>ewww_image_optimizer_mimetype()</b>
testing mimetype: /home/xs947781/med-beauty.net/public_html/renew/wp-content/uploads/2022/02/IMG_6047.jpeg
ffd8ffe000104a4649460001
ewwwio type: image/jpeg
<b>ewww_image_optimizer_get_orientation()</b>
Array
(
    [FileName] => IMG_6047.jpeg
    [FileDateTime] => 1648362612
    [FileSize] => 57508
    [FileType] => 2
    [MimeType] => image/jpeg
    [SectionsFound] => 
    [COMPUTED] => Array
        (
            [html] => width="830" height="520"
            [Height] => 520
            [Width] => 830
            [IsColor] => 1
        )
)

attempting to optimize JPG...
optimized JPG size: 57508
<b>ewww_image_optimizer_webp_create()</b>
folder mode: 16837
attempting chmod with 388
<b>ewww_image_optimizer_update_table()</b>
<b>ewww_image_optimizer_find_already_optimized()</b>
savings: 57508 (new) vs. 57508 (orig)
original and new file are same size (or something weird made the new one larger), no savings
creating new record, path: /home/xs947781/med-beauty.net/public_html/renew/wp-content/uploads/2022/02/IMG_6047.jpeg, size: 57508
<b>ewww_image_optimizer_update_savings()</b>
increasing 150375952 by 57508
increasing 157703954 by 57508
<b>ewww_image_optimizer_hidpi_optimize()</b>
processing resizes
processing size: medium
creating EWWW_Image with /home/xs947781/med-beauty.net/public_html/renew/wp-content/uploads/2022/02/IMG_6047-300x188.jpeg
<b>ewww_image_optimizer_find_already_optimized()</b>
<b>ewww_image_optimizer()</b>
permissions: 0604, owner: xxxxxxxx7781, group: xxxxxmbers
<b>ewww_image_optimizer_mimetype()</b>
testing mimetype: /home/xs947781/med-beauty.net/public_html/renew/wp-content/uploads/2022/02/IMG_6047-300x188.jpeg
ffd8ffe000104a4649460001
ewwwio type: image/jpeg
<b>ewww_image_optimizer_find_nix_binary()</b>
<b>ewww_image_optimizer_tool_found()</b>
testing case: n at /usr/bin/nice
/usr/bin/nice: 0
nice found
<b>ewww_image_optimizer_skip_tools()</b>
enabled: jpegtran
enabled: optipng
enabled: gifsicle
original filesize: 6196
<b>ewww_image_optimizer_path_check()</b>
using: /home/xs947781/med-beauty.net/public_html/renew/wp-content/ewww/jpegtran
<b>ewww_image_optimizer_autorotate()</b>
<b>ewww_image_optimizer_mimetype()</b>
testing mimetype: /home/xs947781/med-beauty.net/public_html/renew/wp-content/uploads/2022/02/IMG_6047-300x188.jpeg
ffd8ffe000104a4649460001
ewwwio type: image/jpeg
<b>ewww_image_optimizer_get_orientation()</b>
Array
(
    [FileName] => IMG_6047-300x188.jpeg
    [FileDateTime] => 1648362612
    [FileSize] => 6196
    [FileType] => 2
    [MimeType] => image/jpeg
    [SectionsFound] => 
    [COMPUTED] => Array
        (
            [html] => width="300" height="188"
            [Height] => 188
            [Width] => 300
            [IsColor] => 1
        )
)

attempting to optimize JPG...
optimized JPG size: 6196
<b>ewww_image_optimizer_webp_create()</b>
folder mode: 16837
attempting chmod with 388
<b>ewww_image_optimizer_update_table()</b>
<b>ewww_image_optimizer_find_already_optimized()</b>
savings: 6196 (new) vs. 6196 (orig)
original and new file are same size (or something weird made the new one larger), no savings
creating new record, path: /home/xs947781/med-beauty.net/public_html/renew/wp-content/uploads/2022/02/IMG_6047-300x188.jpeg, size: 6196
<b>ewww_image_optimizer_update_savings()</b>
increasing 150433460 by 6196
increasing 157761462 by 6196
<b>ewww_image_optimizer_hidpi_optimize()</b>
processing size: thumbnail
creating EWWW_Image with /home/xs947781/med-beauty.net/public_html/renew/wp-content/uploads/2022/02/IMG_6047-150x150.jpeg
<b>ewww_image_optimizer_find_already_optimized()</b>
<b>ewww_image_optimizer()</b>
permissions: 0604, owner: xxxxxxxx7781, group: xxxxxmbers
<b>ewww_image_optimizer_mimetype()</b>
testing mimetype: /home/xs947781/med-beauty.net/public_html/renew/wp-content/uploads/2022/02/IMG_6047-150x150.jpeg
ffd8ffe000104a4649460001
ewwwio type: image/jpeg
<b>ewww_image_optimizer_find_nix_binary()</b>
<b>ewww_image_optimizer_tool_found()</b>
testing case: n at /usr/bin/nice
/usr/bin/nice: 0
nice found
<b>ewww_image_optimizer_skip_tools()</b>
enabled: jpegtran
enabled: optipng
enabled: gifsicle
original filesize: 3084
<b>ewww_image_optimizer_path_check()</b>
using: /home/xs947781/med-beauty.net/public_html/renew/wp-content/ewww/jpegtran
<b>ewww_image_optimizer_autorotate()</b>
<b>ewww_image_optimizer_mimetype()</b>
testing mimetype: /home/xs947781/med-beauty.net/public_html/renew/wp-content/uploads/2022/02/IMG_6047-150x150.jpeg
ffd8ffe000104a4649460001
ewwwio type: image/jpeg
<b>ewww_image_optimizer_get_orientation()</b>
Array
(
    [FileName] => IMG_6047-150x150.jpeg
    [FileDateTime] => 1648362612
    [FileSize] => 3084
    [FileType] => 2
    [MimeType] => image/jpeg
    [SectionsFound] => 
    [COMPUTED] => Array
        (
            [html] => width="150" height="150"
            [Height] => 150
            [Width] => 150
            [IsColor] => 1
        )
)

attempting to optimize JPG...
optimized JPG size: 3083
<b>ewww_image_optimizer_mimetype()</b>
testing mimetype: /home/xs947781/med-beauty.net/public_html/renew/wp-content/uploads/2022/02/IMG_6047-150x150.jpeg.prog
ffd8ffe000104a4649460001
ewwwio type: image/jpeg
<b>ewww_image_optimizer_webp_create()</b>
folder mode: 16837
attempting chmod with 388
<b>ewww_image_optimizer_update_table()</b>
<b>ewww_image_optimizer_find_already_optimized()</b>
savings: 3083 (new) vs. 3084 (orig)
original and new file are different size:  0.0% (1 B )  を減少
creating new record, path: /home/xs947781/med-beauty.net/public_html/renew/wp-content/uploads/2022/02/IMG_6047-150x150.jpeg, size: 3083
<b>ewww_image_optimizer_update_savings()</b>
increasing 150439656 by 3083
increasing 157767658 by 3084
<b>ewww_image_optimizer_hidpi_optimize()</b>
processing size: medium_large
creating EWWW_Image with /home/xs947781/med-beauty.net/public_html/renew/wp-content/uploads/2022/02/IMG_6047-768x481.jpeg
<b>ewww_image_optimizer_find_already_optimized()</b>
<b>ewww_image_optimizer()</b>
permissions: 0604, owner: xxxxxxxx7781, group: xxxxxmbers
<b>ewww_image_optimizer_mimetype()</b>
testing mimetype: /home/xs947781/med-beauty.net/public_html/renew/wp-content/uploads/2022/02/IMG_6047-768x481.jpeg
ffd8ffe000104a4649460001
ewwwio type: image/jpeg
<b>ewww_image_optimizer_find_nix_binary()</b>
<b>ewww_image_optimizer_tool_found()</b>
testing case: n at /usr/bin/nice
/usr/bin/nice: 0
nice found
<b>ewww_image_optimizer_skip_tools()</b>
enabled: jpegtran
enabled: optipng
enabled: gifsicle
original filesize: 30828
<b>ewww_image_optimizer_path_check()</b>
using: /home/xs947781/med-beauty.net/public_html/renew/wp-content/ewww/jpegtran
<b>ewww_image_optimizer_autorotate()</b>
<b>ewww_image_optimizer_mimetype()</b>
testing mimetype: /home/xs947781/med-beauty.net/public_html/renew/wp-content/uploads/2022/02/IMG_6047-768x481.jpeg
ffd8ffe000104a4649460001
ewwwio type: image/jpeg
<b>ewww_image_optimizer_get_orientation()</b>
Array
(
    [FileName] => IMG_6047-768x481.jpeg
    [FileDateTime] => 1648362612
    [FileSize] => 30828
    [FileType] => 2
    [MimeType] => image/jpeg
    [SectionsFound] => 
    [COMPUTED] => Array
        (
            [html] => width="768" height="481"
            [Height] => 481
            [Width] => 768
            [IsColor] => 1
        )
)

attempting to optimize JPG...
optimized JPG size: 30803
<b>ewww_image_optimizer_mimetype()</b>
testing mimetype: /home/xs947781/med-beauty.net/public_html/renew/wp-content/uploads/2022/02/IMG_6047-768x481.jpeg.prog
ffd8ffe000104a4649460001
ewwwio type: image/jpeg
<b>ewww_image_optimizer_webp_create()</b>
folder mode: 16837
attempting chmod with 388
<b>ewww_image_optimizer_update_table()</b>
<b>ewww_image_optimizer_find_already_optimized()</b>
savings: 30803 (new) vs. 30828 (orig)
original and new file are different size:  0.1% (25 B )  を減少
creating new record, path: /home/xs947781/med-beauty.net/public_html/renew/wp-content/uploads/2022/02/IMG_6047-768x481.jpeg, size: 30803
<b>ewww_image_optimizer_update_savings()</b>
increasing 150442739 by 30803
increasing 157770742 by 30828
<b>ewww_image_optimizer_hidpi_optimize()</b>
2022-05-18 09:58:03
<b>ewww_image_optimizer_attachment_path()</b>
WP (filtered) thinks the file is at: /home/xs947781/med-beauty.net/public_html/renew/wp-content/uploads/2022/02/IMG_6047.jpeg
failed to save meta, or no changes
<b>ewww_image_optimizer_custom_column()</b>
<b>ewww_image_optimizer_attachment_path()</b>
WP (filtered) thinks the file is at: /home/xs947781/med-beauty.net/public_html/renew/wp-content/uploads/2022/02/IMG_6047.jpeg
<b>ewww_image_optimizer_mimetype()</b>
testing mimetype: /home/xs947781/med-beauty.net/public_html/renew/wp-content/uploads/2022/02/IMG_6047.jpeg
ffd8ffe000104a4649460001
ewwwio type: image/jpeg
<b>ewww_image_optimizer_skip_tools()</b>
enabled: jpegtran
enabled: optipng
enabled: gifsicle
<b>ewww_image_optimizer_custom_column_results()</b>
original and new file are same size (or something weird made the new one larger), no savings
original and new file are different size:  0.1% (25 B )  を減少
original and new file are same size (or something weird made the new one larger), no savings
original and new file are different size:  0.0% (1 B )  を減少
original and new file are different size:  0.0% (26 B )  を減少
<b>ewww_image_optimizer_variant_level_notice()</b>
2022-05-18 09:58:04
<b>ewww_image_optimizer_init()</b>
checking active plugins
<b>ewww_image_optimizer_admin_init()</b>
<b>EIO_Base::content_url()</b>
upload_url: https://med-beauty.net/renew/wp-content/uploads/
<b>EIO_Base::__construct()</b>
plugin (resource) content_url: https://med-beauty.net/renew/wp-content/ewww/
plugin (resource) content_dir: /home/xs947781/med-beauty.net/public_html/renew/wp-content/ewww/
home url: https://med-beauty.net/renew/
relative home url: //med-beauty.net/renew/
home domain: med-beauty.net
site/upload url: https://med-beauty.net
site/upload domain: med-beauty.net
<b>ewww_image_optimizer_cloud_init()</b>
<b>ewww_image_optimizer_upgrade()</b>
<b>ewww_image_optimizer_exec_init()</b>
<b>ewww_image_optimizer_cron_setup()</b>
<b>ewww_image_optimizer_ajax_compat_check()</b>
doing ewww_manual_optimize
<b>EWWWIO_Tracking::schedule_send()</b>
<b>ewww_image_optimizer_manual()</b>
<b>ewww_image_optimizer_resize_from_meta_data()</b>
attachment id: 1182
this image already has metadata, so it is not new
<b>ewww_image_optimizer_attachment_path()</b>
WP (filtered) thinks the file is at: /home/xs947781/med-beauty.net/public_html/renew/wp-content/uploads/2022/02/IMG_6047.jpeg
retrieved file path: /home/xs947781/med-beauty.net/public_html/renew/wp-content/uploads/2022/02/IMG_6047.jpeg
<b>ewww_image_optimizer_mimetype()</b>
testing mimetype: /home/xs947781/med-beauty.net/public_html/renew/wp-content/uploads/2022/02/IMG_6047.jpeg
ffd8ffe000104a4649460001
ewwwio type: image/jpeg
<b>ewww_image_optimizer_attachment_check_variant_level()</b>
creating EWWW_Image with /home/xs947781/med-beauty.net/public_html/renew/wp-content/uploads/2022/02/IMG_6047.jpeg
<b>ewww_image_optimizer_find_already_optimized()</b>
found a match for /home/xs947781/med-beauty.net/public_html/renew/wp-content/uploads/2022/02/IMG_6047.jpeg
Array
(
    [id] => 0
    [attachment_id] => 1182
    [gallery] => media
    [resize] => full
    [path] => /home/xs947781/med-beauty.net/public_html/renew/wp-content/uploads/2022/02/IMG_6047.jpeg
    [converted] => 
    [results] => 節約なし
    [image_size] => 57508
    [orig_size] => 57508
    [backup] => 
    [level] => 10
    [pending] => 0
    [updates] => 1
    [updated] => 2022-05-18 18:58:03
    [trace] => 
)

not a new image, resize existing enabled, and Imsanity not detected
<b>ewww_image_optimizer_resize_upload()</b>
resizing images from somewhere else
other dimensions not set, overriding with media dimensions
uploaded from: https://med-beauty.net/renew/wp-admin/upload.php?mode=list
<b>ewww_image_optimizer_mimetype()</b>
testing mimetype: /home/xs947781/med-beauty.net/public_html/renew/wp-content/uploads/2022/02/IMG_6047.jpeg
ffd8ffe000104a4649460001
ewwwio type: image/jpeg
image too small for resizing
<b>ewww_image_optimizer_detect_wpsf_location_lock()</b>
<b>ewww_image_optimizer_detect_wpsf_location_lock()</b>
running in sequence
<b>ewww_image_optimizer()</b>
<b>ewww_image_optimizer_exec_check()</b>
permissions: 0604, owner: xxxxxxxx7781, group: xxxxxmbers
<b>ewww_image_optimizer_mimetype()</b>
testing mimetype: /home/xs947781/med-beauty.net/public_html/renew/wp-content/uploads/2022/02/IMG_6047.jpeg
ffd8ffe000104a4649460001
ewwwio type: image/jpeg
<b>ewww_image_optimizer_find_nix_binary()</b>
<b>ewww_image_optimizer_tool_found()</b>
testing case: n at /usr/bin/nice
/usr/bin/nice: 0
nice found
<b>ewww_image_optimizer_skip_tools()</b>
enabled: jpegtran
enabled: optipng
enabled: gifsicle
original filesize: 57508
<b>ewww_image_optimizer_path_check()</b>
<b>ewww_image_optimizer_find_nix_binary()</b>
found /home/xs947781/med-beauty.net/public_html/renew/wp-content/ewww/jpegtran, testing...
<b>ewww_image_optimizer_md5check()</b>
/home/xs947781/med-beauty.net/public_html/renew/wp-content/ewww/jpegtran: c0a44f6f16ddc78d8d027ffd3e09c512d637876833c5ffaaf5b1e7acd5ce3cda
checksum verified, binary is intact
<b>ewww_image_optimizer_mimetype()</b>
testing mimetype: /home/xs947781/med-beauty.net/public_html/renew/wp-content/ewww/jpegtran
7f454c46
ewwwio type: application/x-executable
<b>ewww_image_optimizer_tool_found()</b>
testing case: j at /home/xs947781/med-beauty.net/public_html/renew/wp-content/ewww/jpegtran
/home/xs947781/med-beauty.net/public_html/renew/wp-content/ewww/jpegtran: Independent JPEG Group's JPEGTRAN, version 9d  12-Jan-2020
optimizer found
defining EWWW_IMAGE_OPTIMIZER_JPEGTRAN
using: /home/xs947781/med-beauty.net/public_html/renew/wp-content/ewww/jpegtran
<b>ewww_image_optimizer_autorotate()</b>
<b>ewww_image_optimizer_mimetype()</b>
testing mimetype: /home/xs947781/med-beauty.net/public_html/renew/wp-content/uploads/2022/02/IMG_6047.jpeg
ffd8ffe000104a4649460001
ewwwio type: image/jpeg
<b>ewww_image_optimizer_get_orientation()</b>
Array
(
    [FileName] => IMG_6047.jpeg
    [FileDateTime] => 1648362612
    [FileSize] => 57508
    [FileType] => 2
    [MimeType] => image/jpeg
    [SectionsFound] => 
    [COMPUTED] => Array
        (
            [html] => width="830" height="520"
            [Height] => 520
            [Width] => 830
            [IsColor] => 1
        )
)

attempting to optimize JPG...
optimized JPG size: 57508
<b>ewww_image_optimizer_webp_create()</b>
folder mode: 16837
attempting chmod with 388
<b>ewww_image_optimizer_update_table()</b>
<b>ewww_image_optimizer_find_already_optimized()</b>
found a match for /home/xs947781/med-beauty.net/public_html/renew/wp-content/uploads/2022/02/IMG_6047.jpeg
savings: 57508 (new) vs. 57508 (orig)
original and new file are same size (or something weird made the new one larger), no savings
updating existing record (0), path: /home/xs947781/med-beauty.net/public_html/renew/wp-content/uploads/2022/02/IMG_6047.jpeg, size: 57508
Array
(
    [path] => ABSPATHwp-content/uploads/2022/02/IMG_6047.jpeg
    [converted] => 
    [level] => 10
    [image_size] => 57508
    [results] => 節約なし
    [updates] => 1
    [backup] => 
    [pending] => 0
)

updated 3 records successfully
<b>ewww_image_optimizer_hidpi_optimize()</b>
processing resizes
processing size: medium
creating EWWW_Image with /home/xs947781/med-beauty.net/public_html/renew/wp-content/uploads/2022/02/IMG_6047-300x188.jpeg
<b>ewww_image_optimizer_find_already_optimized()</b>
<b>ewww_image_optimizer()</b>
permissions: 0604, owner: xxxxxxxx7781, group: xxxxxmbers
<b>ewww_image_optimizer_mimetype()</b>
testing mimetype: /home/xs947781/med-beauty.net/public_html/renew/wp-content/uploads/2022/02/IMG_6047-300x188.jpeg
ffd8ffe000104a4649460001
ewwwio type: image/jpeg
<b>ewww_image_optimizer_find_nix_binary()</b>
<b>ewww_image_optimizer_tool_found()</b>
testing case: n at /usr/bin/nice
/usr/bin/nice: 0
nice found
<b>ewww_image_optimizer_skip_tools()</b>
enabled: jpegtran
enabled: optipng
enabled: gifsicle
original filesize: 6196
<b>ewww_image_optimizer_path_check()</b>
using: /home/xs947781/med-beauty.net/public_html/renew/wp-content/ewww/jpegtran
<b>ewww_image_optimizer_autorotate()</b>
<b>ewww_image_optimizer_mimetype()</b>
testing mimetype: /home/xs947781/med-beauty.net/public_html/renew/wp-content/uploads/2022/02/IMG_6047-300x188.jpeg
ffd8ffe000104a4649460001
ewwwio type: image/jpeg
<b>ewww_image_optimizer_get_orientation()</b>
Array
(
    [FileName] => IMG_6047-300x188.jpeg
    [FileDateTime] => 1648362612
    [FileSize] => 6196
    [FileType] => 2
    [MimeType] => image/jpeg
    [SectionsFound] => 
    [COMPUTED] => Array
        (
            [html] => width="300" height="188"
            [Height] => 188
            [Width] => 300
            [IsColor] => 1
        )
)

attempting to optimize JPG...
optimized JPG size: 6196
<b>ewww_image_optimizer_webp_create()</b>
folder mode: 16837
attempting chmod with 388
<b>ewww_image_optimizer_update_table()</b>
<b>ewww_image_optimizer_find_already_optimized()</b>
savings: 6196 (new) vs. 6196 (orig)
original and new file are same size (or something weird made the new one larger), no savings
creating new record, path: /home/xs947781/med-beauty.net/public_html/renew/wp-content/uploads/2022/02/IMG_6047-300x188.jpeg, size: 6196
<b>ewww_image_optimizer_update_savings()</b>
increasing 150473542 by 6196
increasing 157801570 by 6196
<b>ewww_image_optimizer_hidpi_optimize()</b>
processing size: thumbnail
creating EWWW_Image with /home/xs947781/med-beauty.net/public_html/renew/wp-content/uploads/2022/02/IMG_6047-150x150.jpeg
<b>ewww_image_optimizer_find_already_optimized()</b>
<b>ewww_image_optimizer()</b>
permissions: 0604, owner: xxxxxxxx7781, group: xxxxxmbers
<b>ewww_image_optimizer_mimetype()</b>
testing mimetype: /home/xs947781/med-beauty.net/public_html/renew/wp-content/uploads/2022/02/IMG_6047-150x150.jpeg
ffd8ffe000104a4649460001
ewwwio type: image/jpeg
<b>ewww_image_optimizer_find_nix_binary()</b>
<b>ewww_image_optimizer_tool_found()</b>
testing case: n at /usr/bin/nice
/usr/bin/nice: 0
nice found
<b>ewww_image_optimizer_skip_tools()</b>
enabled: jpegtran
enabled: optipng
enabled: gifsicle
original filesize: 3083
<b>ewww_image_optimizer_path_check()</b>
using: /home/xs947781/med-beauty.net/public_html/renew/wp-content/ewww/jpegtran
<b>ewww_image_optimizer_autorotate()</b>
<b>ewww_image_optimizer_mimetype()</b>
testing mimetype: /home/xs947781/med-beauty.net/public_html/renew/wp-content/uploads/2022/02/IMG_6047-150x150.jpeg
ffd8ffe000104a4649460001
ewwwio type: image/jpeg
<b>ewww_image_optimizer_get_orientation()</b>
Array
(
    [FileName] => IMG_6047-150x150.jpeg
    [FileDateTime] => 1652867883
    [FileSize] => 3083
    [FileType] => 2
    [MimeType] => image/jpeg
    [SectionsFound] => 
    [COMPUTED] => Array
        (
            [html] => width="150" height="150"
            [Height] => 150
            [Width] => 150
            [IsColor] => 1
        )
)

attempting to optimize JPG...
optimized JPG size: 3083
<b>ewww_image_optimizer_webp_create()</b>
folder mode: 16837
attempting chmod with 388
<b>ewww_image_optimizer_update_table()</b>
<b>ewww_image_optimizer_find_already_optimized()</b>
savings: 3083 (new) vs. 3083 (orig)
original and new file are same size (or something weird made the new one larger), no savings
creating new record, path: /home/xs947781/med-beauty.net/public_html/renew/wp-content/uploads/2022/02/IMG_6047-150x150.jpeg, size: 3083
<b>ewww_image_optimizer_update_savings()</b>
increasing 150479738 by 3083
increasing 157807766 by 3083
<b>ewww_image_optimizer_hidpi_optimize()</b>
processing size: medium_large
creating EWWW_Image with /home/xs947781/med-beauty.net/public_html/renew/wp-content/uploads/2022/02/IMG_6047-768x481.jpeg
<b>ewww_image_optimizer_find_already_optimized()</b>
<b>ewww_image_optimizer()</b>
permissions: 0604, owner: xxxxxxxx7781, group: xxxxxmbers
<b>ewww_image_optimizer_mimetype()</b>
testing mimetype: /home/xs947781/med-beauty.net/public_html/renew/wp-content/uploads/2022/02/IMG_6047-768x481.jpeg
ffd8ffe000104a4649460001
ewwwio type: image/jpeg
<b>ewww_image_optimizer_find_nix_binary()</b>
<b>ewww_image_optimizer_tool_found()</b>
testing case: n at /usr/bin/nice
/usr/bin/nice: 0
nice found
<b>ewww_image_optimizer_skip_tools()</b>
enabled: jpegtran
enabled: optipng
enabled: gifsicle
original filesize: 30803
<b>ewww_image_optimizer_path_check()</b>
using: /home/xs947781/med-beauty.net/public_html/renew/wp-content/ewww/jpegtran
<b>ewww_image_optimizer_autorotate()</b>
<b>ewww_image_optimizer_mimetype()</b>
testing mimetype: /home/xs947781/med-beauty.net/public_html/renew/wp-content/uploads/2022/02/IMG_6047-768x481.jpeg
ffd8ffe000104a4649460001
ewwwio type: image/jpeg
<b>ewww_image_optimizer_get_orientation()</b>
Array
(
    [FileName] => IMG_6047-768x481.jpeg
    [FileDateTime] => 1652867883
    [FileSize] => 30803
    [FileType] => 2
    [MimeType] => image/jpeg
    [SectionsFound] => 
    [COMPUTED] => Array
        (
            [html] => width="768" height="481"
            [Height] => 481
            [Width] => 768
            [IsColor] => 1
        )
)

attempting to optimize JPG...
optimized JPG size: 30803
<b>ewww_image_optimizer_webp_create()</b>
folder mode: 16837
attempting chmod with 388
<b>ewww_image_optimizer_update_table()</b>
<b>ewww_image_optimizer_find_already_optimized()</b>
savings: 30803 (new) vs. 30803 (orig)
original and new file are same size (or something weird made the new one larger), no savings
creating new record, path: /home/xs947781/med-beauty.net/public_html/renew/wp-content/uploads/2022/02/IMG_6047-768x481.jpeg, size: 30803
<b>ewww_image_optimizer_update_savings()</b>
increasing 150482821 by 30803
increasing 157810849 by 30803
<b>ewww_image_optimizer_hidpi_optimize()</b>
2022-05-18 09:58:04
<b>ewww_image_optimizer_attachment_path()</b>
WP (filtered) thinks the file is at: /home/xs947781/med-beauty.net/public_html/renew/wp-content/uploads/2022/02/IMG_6047.jpeg
failed to save meta, or no changes
<b>ewww_image_optimizer_custom_column()</b>
<b>ewww_image_optimizer_attachment_path()</b>
WP (filtered) thinks the file is at: /home/xs947781/med-beauty.net/public_html/renew/wp-content/uploads/2022/02/IMG_6047.jpeg
<b>ewww_image_optimizer_mimetype()</b>
testing mimetype: /home/xs947781/med-beauty.net/public_html/renew/wp-content/uploads/2022/02/IMG_6047.jpeg
ffd8ffe000104a4649460001
ewwwio type: image/jpeg
<b>ewww_image_optimizer_skip_tools()</b>
enabled: jpegtran
enabled: optipng
enabled: gifsicle
<b>ewww_image_optimizer_custom_column_results()</b>
original and new file are same size (or something weird made the new one larger), no savings
original and new file are same size (or something weird made the new one larger), no savings
original and new file are same size (or something weird made the new one larger), no savings
original and new file are same size (or something weird made the new one larger), no savings
original and new file are same size (or something weird made the new one larger), no savings
original and new file are same size (or something weird made the new one larger), no savings
original and new file are same size (or something weird made the new one larger), no savings
original and new file are same size (or something weird made the new one larger), no savings
<b>ewww_image_optimizer_variant_level_notice()</b>
2022-05-18 09:58:06
<b>ewww_image_optimizer_init()</b>
checking active plugins
<b>ewww_image_optimizer_admin_init()</b>
<b>EIO_Base::content_url()</b>
upload_url: https://med-beauty.net/renew/wp-content/uploads/
<b>EIO_Base::__construct()</b>
plugin (resource) content_url: https://med-beauty.net/renew/wp-content/ewww/
plugin (resource) content_dir: /home/xs947781/med-beauty.net/public_html/renew/wp-content/ewww/
home url: https://med-beauty.net/renew/
relative home url: //med-beauty.net/renew/
home domain: med-beauty.net
site/upload url: https://med-beauty.net
site/upload domain: med-beauty.net
<b>ewww_image_optimizer_cloud_init()</b>
<b>ewww_image_optimizer_upgrade()</b>
<b>ewww_image_optimizer_exec_init()</b>
<b>ewww_image_optimizer_cron_setup()</b>
<b>ewww_image_optimizer_ajax_compat_check()</b>
doing ewww_manual_optimize
<b>EWWWIO_Tracking::schedule_send()</b>
<b>ewww_image_optimizer_manual()</b>
<b>ewww_image_optimizer_resize_from_meta_data()</b>
attachment id: 1181
this image already has metadata, so it is not new
<b>ewww_image_optimizer_attachment_path()</b>
WP (filtered) thinks the file is at: /home/xs947781/med-beauty.net/public_html/renew/wp-content/uploads/2022/03/IMG_7543.jpeg
retrieved file path: /home/xs947781/med-beauty.net/public_html/renew/wp-content/uploads/2022/03/IMG_7543.jpeg
<b>ewww_image_optimizer_mimetype()</b>
testing mimetype: /home/xs947781/med-beauty.net/public_html/renew/wp-content/uploads/2022/03/IMG_7543.jpeg
ffd8ffe000104a4649460001
ewwwio type: image/jpeg
<b>ewww_image_optimizer_attachment_check_variant_level()</b>
creating EWWW_Image with /home/xs947781/med-beauty.net/public_html/renew/wp-content/uploads/2022/03/IMG_7543.jpeg
<b>ewww_image_optimizer_find_already_optimized()</b>
not a new image, resize existing enabled, and Imsanity not detected
<b>ewww_image_optimizer_resize_upload()</b>
resizing images from somewhere else
other dimensions not set, overriding with media dimensions
uploaded from: https://med-beauty.net/renew/wp-admin/upload.php?mode=list
<b>ewww_image_optimizer_mimetype()</b>
testing mimetype: /home/xs947781/med-beauty.net/public_html/renew/wp-content/uploads/2022/03/IMG_7543.jpeg
ffd8ffe000104a4649460001
ewwwio type: image/jpeg
image too small for resizing
<b>ewww_image_optimizer_detect_wpsf_location_lock()</b>
<b>ewww_image_optimizer_detect_wpsf_location_lock()</b>
running in sequence
<b>ewww_image_optimizer()</b>
<b>ewww_image_optimizer_exec_check()</b>
permissions: 0604, owner: xxxxxxxx7781, group: xxxxxmbers
<b>ewww_image_optimizer_mimetype()</b>
testing mimetype: /home/xs947781/med-beauty.net/public_html/renew/wp-content/uploads/2022/03/IMG_7543.jpeg
ffd8ffe000104a4649460001
ewwwio type: image/jpeg
<b>ewww_image_optimizer_find_nix_binary()</b>
<b>ewww_image_optimizer_tool_found()</b>
testing case: n at /usr/bin/nice
/usr/bin/nice: 0
nice found
<b>ewww_image_optimizer_skip_tools()</b>
enabled: jpegtran
enabled: optipng
enabled: gifsicle
original filesize: 53496
<b>ewww_image_optimizer_path_check()</b>
<b>ewww_image_optimizer_find_nix_binary()</b>
found /home/xs947781/med-beauty.net/public_html/renew/wp-content/ewww/jpegtran, testing...
<b>ewww_image_optimizer_md5check()</b>
/home/xs947781/med-beauty.net/public_html/renew/wp-content/ewww/jpegtran: c0a44f6f16ddc78d8d027ffd3e09c512d637876833c5ffaaf5b1e7acd5ce3cda
checksum verified, binary is intact
<b>ewww_image_optimizer_mimetype()</b>
testing mimetype: /home/xs947781/med-beauty.net/public_html/renew/wp-content/ewww/jpegtran
7f454c46
ewwwio type: application/x-executable
<b>ewww_image_optimizer_tool_found()</b>
testing case: j at /home/xs947781/med-beauty.net/public_html/renew/wp-content/ewww/jpegtran
/home/xs947781/med-beauty.net/public_html/renew/wp-content/ewww/jpegtran: Independent JPEG Group's JPEGTRAN, version 9d  12-Jan-2020
optimizer found
defining EWWW_IMAGE_OPTIMIZER_JPEGTRAN
using: /home/xs947781/med-beauty.net/public_html/renew/wp-content/ewww/jpegtran
<b>ewww_image_optimizer_autorotate()</b>
<b>ewww_image_optimizer_mimetype()</b>
testing mimetype: /home/xs947781/med-beauty.net/public_html/renew/wp-content/uploads/2022/03/IMG_7543.jpeg
ffd8ffe000104a4649460001
ewwwio type: image/jpeg
<b>ewww_image_optimizer_get_orientation()</b>
Array
(
    [FileName] => IMG_7543.jpeg
    [FileDateTime] => 1648362527
    [FileSize] => 53496
    [FileType] => 2
    [MimeType] => image/jpeg
    [SectionsFound] => 
    [COMPUTED] => Array
        (
            [html] => width="830" height="530"
            [Height] => 530
            [Width] => 830
            [IsColor] => 1
        )
)

attempting to optimize JPG...
optimized JPG size: 53496
<b>ewww_image_optimizer_webp_create()</b>
folder mode: 16837
attempting chmod with 388
<b>ewww_image_optimizer_update_table()</b>
<b>ewww_image_optimizer_find_already_optimized()</b>
savings: 53496 (new) vs. 53496 (orig)
original and new file are same size (or something weird made the new one larger), no savings
creating new record, path: /home/xs947781/med-beauty.net/public_html/renew/wp-content/uploads/2022/03/IMG_7543.jpeg, size: 53496
<b>ewww_image_optimizer_update_savings()</b>
increasing 150633417 by 53496
increasing 158028326 by 53496
<b>ewww_image_optimizer_hidpi_optimize()</b>
processing resizes
processing size: medium
creating EWWW_Image with /home/xs947781/med-beauty.net/public_html/renew/wp-content/uploads/2022/03/IMG_7543-300x192.jpeg
<b>ewww_image_optimizer_find_already_optimized()</b>
<b>ewww_image_optimizer()</b>
permissions: 0604, owner: xxxxxxxx7781, group: xxxxxmbers
<b>ewww_image_optimizer_mimetype()</b>
testing mimetype: /home/xs947781/med-beauty.net/public_html/renew/wp-content/uploads/2022/03/IMG_7543-300x192.jpeg
ffd8ffe000104a4649460001
ewwwio type: image/jpeg
<b>ewww_image_optimizer_find_nix_binary()</b>
<b>ewww_image_optimizer_tool_found()</b>
testing case: n at /usr/bin/nice
/usr/bin/nice: 0
nice found
<b>ewww_image_optimizer_skip_tools()</b>
enabled: jpegtran
enabled: optipng
enabled: gifsicle
original filesize: 6888
<b>ewww_image_optimizer_path_check()</b>
using: /home/xs947781/med-beauty.net/public_html/renew/wp-content/ewww/jpegtran
<b>ewww_image_optimizer_autorotate()</b>
<b>ewww_image_optimizer_mimetype()</b>
testing mimetype: /home/xs947781/med-beauty.net/public_html/renew/wp-content/uploads/2022/03/IMG_7543-300x192.jpeg
ffd8ffe000104a4649460001
ewwwio type: image/jpeg
<b>ewww_image_optimizer_get_orientation()</b>
Array
(
    [FileName] => IMG_7543-300x192.jpeg
    [FileDateTime] => 1648362527
    [FileSize] => 6888
    [FileType] => 2
    [MimeType] => image/jpeg
    [SectionsFound] => 
    [COMPUTED] => Array
        (
            [html] => width="300" height="192"
            [Height] => 192
            [Width] => 300
            [IsColor] => 1
        )
)

attempting to optimize JPG...
optimized JPG size: 6888
<b>ewww_image_optimizer_webp_create()</b>
folder mode: 16837
attempting chmod with 388
<b>ewww_image_optimizer_update_table()</b>
<b>ewww_image_optimizer_find_already_optimized()</b>
savings: 6888 (new) vs. 6888 (orig)
original and new file are same size (or something weird made the new one larger), no savings
creating new record, path: /home/xs947781/med-beauty.net/public_html/renew/wp-content/uploads/2022/03/IMG_7543-300x192.jpeg, size: 6888
<b>ewww_image_optimizer_update_savings()</b>
increasing 150686913 by 6888
increasing 158081822 by 6888
<b>ewww_image_optimizer_hidpi_optimize()</b>
processing size: thumbnail
creating EWWW_Image with /home/xs947781/med-beauty.net/public_html/renew/wp-content/uploads/2022/03/IMG_7543-150x150.jpeg
<b>ewww_image_optimizer_find_already_optimized()</b>
<b>ewww_image_optimizer()</b>
permissions: 0604, owner: xxxxxxxx7781, group: xxxxxmbers
<b>ewww_image_optimizer_mimetype()</b>
testing mimetype: /home/xs947781/med-beauty.net/public_html/renew/wp-content/uploads/2022/03/IMG_7543-150x150.jpeg
ffd8ffe000104a4649460001
ewwwio type: image/jpeg
<b>ewww_image_optimizer_find_nix_binary()</b>
<b>ewww_image_optimizer_tool_found()</b>
testing case: n at /usr/bin/nice
/usr/bin/nice: 0
nice found
<b>ewww_image_optimizer_skip_tools()</b>
enabled: jpegtran
enabled: optipng
enabled: gifsicle
original filesize: 3606
<b>ewww_image_optimizer_path_check()</b>
using: /home/xs947781/med-beauty.net/public_html/renew/wp-content/ewww/jpegtran
<b>ewww_image_optimizer_autorotate()</b>
<b>ewww_image_optimizer_mimetype()</b>
testing mimetype: /home/xs947781/med-beauty.net/public_html/renew/wp-content/uploads/2022/03/IMG_7543-150x150.jpeg
ffd8ffe000104a4649460001
ewwwio type: image/jpeg
<b>ewww_image_optimizer_get_orientation()</b>
Array
(
    [FileName] => IMG_7543-150x150.jpeg
    [FileDateTime] => 1648362527
    [FileSize] => 3606
    [FileType] => 2
    [MimeType] => image/jpeg
    [SectionsFound] => 
    [COMPUTED] => Array
        (
            [html] => width="150" height="150"
            [Height] => 150
            [Width] => 150
            [IsColor] => 1
        )
)

attempting to optimize JPG...
optimized JPG size: 3607
<b>ewww_image_optimizer_webp_create()</b>
folder mode: 16837
attempting chmod with 388
<b>ewww_image_optimizer_update_table()</b>
<b>ewww_image_optimizer_find_already_optimized()</b>
savings: 3606 (new) vs. 3606 (orig)
original and new file are same size (or something weird made the new one larger), no savings
creating new record, path: /home/xs947781/med-beauty.net/public_html/renew/wp-content/uploads/2022/03/IMG_7543-150x150.jpeg, size: 3606
<b>ewww_image_optimizer_update_savings()</b>
increasing 150693801 by 3606
increasing 158088710 by 3606
<b>ewww_image_optimizer_hidpi_optimize()</b>
processing size: medium_large
creating EWWW_Image with /home/xs947781/med-beauty.net/public_html/renew/wp-content/uploads/2022/03/IMG_7543-768x490.jpeg
<b>ewww_image_optimizer_find_already_optimized()</b>
<b>ewww_image_optimizer()</b>
permissions: 0604, owner: xxxxxxxx7781, group: xxxxxmbers
<b>ewww_image_optimizer_mimetype()</b>
testing mimetype: /home/xs947781/med-beauty.net/public_html/renew/wp-content/uploads/2022/03/IMG_7543-768x490.jpeg
ffd8ffe000104a4649460001
ewwwio type: image/jpeg
<b>ewww_image_optimizer_find_nix_binary()</b>
<b>ewww_image_optimizer_tool_found()</b>
testing case: n at /usr/bin/nice
/usr/bin/nice: 0
nice found
<b>ewww_image_optimizer_skip_tools()</b>
enabled: jpegtran
enabled: optipng
enabled: gifsicle
original filesize: 32060
<b>ewww_image_optimizer_path_check()</b>
using: /home/xs947781/med-beauty.net/public_html/renew/wp-content/ewww/jpegtran
<b>ewww_image_optimizer_autorotate()</b>
<b>ewww_image_optimizer_mimetype()</b>
testing mimetype: /home/xs947781/med-beauty.net/public_html/renew/wp-content/uploads/2022/03/IMG_7543-768x490.jpeg
ffd8ffe000104a4649460001
ewwwio type: image/jpeg
<b>ewww_image_optimizer_get_orientation()</b>
Array
(
    [FileName] => IMG_7543-768x490.jpeg
    [FileDateTime] => 1648362527
    [FileSize] => 32060
    [FileType] => 2
    [MimeType] => image/jpeg
    [SectionsFound] => 
    [COMPUTED] => Array
        (
            [html] => width="768" height="490"
            [Height] => 490
            [Width] => 768
            [IsColor] => 1
        )
)

attempting to optimize JPG...
optimized JPG size: 31115
<b>ewww_image_optimizer_mimetype()</b>
testing mimetype: /home/xs947781/med-beauty.net/public_html/renew/wp-content/uploads/2022/03/IMG_7543-768x490.jpeg.prog
ffd8ffe000104a4649460001
ewwwio type: image/jpeg
<b>ewww_image_optimizer_webp_create()</b>
folder mode: 16837
attempting chmod with 388
<b>ewww_image_optimizer_update_table()</b>
<b>ewww_image_optimizer_find_already_optimized()</b>
savings: 31115 (new) vs. 32060 (orig)
original and new file are different size:  2.9% (945 B )  を減少
creating new record, path: /home/xs947781/med-beauty.net/public_html/renew/wp-content/uploads/2022/03/IMG_7543-768x490.jpeg, size: 31115
<b>ewww_image_optimizer_update_savings()</b>
increasing 150697407 by 31115
increasing 158092316 by 32060
<b>ewww_image_optimizer_hidpi_optimize()</b>
2022-05-18 09:58:06
<b>ewww_image_optimizer_attachment_path()</b>
WP (filtered) thinks the file is at: /home/xs947781/med-beauty.net/public_html/renew/wp-content/uploads/2022/03/IMG_7543.jpeg
failed to save meta, or no changes
<b>ewww_image_optimizer_custom_column()</b>
<b>ewww_image_optimizer_attachment_path()</b>
WP (filtered) thinks the file is at: /home/xs947781/med-beauty.net/public_html/renew/wp-content/uploads/2022/03/IMG_7543.jpeg
<b>ewww_image_optimizer_mimetype()</b>
testing mimetype: /home/xs947781/med-beauty.net/public_html/renew/wp-content/uploads/2022/03/IMG_7543.jpeg
ffd8ffe000104a4649460001
ewwwio type: image/jpeg
<b>ewww_image_optimizer_skip_tools()</b>
enabled: jpegtran
enabled: optipng
enabled: gifsicle
<b>ewww_image_optimizer_custom_column_results()</b>
original and new file are same size (or something weird made the new one larger), no savings
original and new file are different size:  2.9% (945 B )  を減少
original and new file are same size (or something weird made the new one larger), no savings
original and new file are same size (or something weird made the new one larger), no savings
original and new file are different size:  1.0% (945 B )  を減少
<b>ewww_image_optimizer_variant_level_notice()</b>
2022-05-18 09:58:10
<b>ewww_image_optimizer_init()</b>
checking active plugins
<b>ewww_image_optimizer_admin_init()</b>
<b>EIO_Base::content_url()</b>
upload_url: https://med-beauty.net/renew/wp-content/uploads/
<b>EIO_Base::__construct()</b>
plugin (resource) content_url: https://med-beauty.net/renew/wp-content/ewww/
plugin (resource) content_dir: /home/xs947781/med-beauty.net/public_html/renew/wp-content/ewww/
home url: https://med-beauty.net/renew/
relative home url: //med-beauty.net/renew/
home domain: med-beauty.net
site/upload url: https://med-beauty.net
site/upload domain: med-beauty.net
<b>ewww_image_optimizer_cloud_init()</b>
<b>ewww_image_optimizer_upgrade()</b>
<b>ewww_image_optimizer_exec_init()</b>
<b>ewww_image_optimizer_cron_setup()</b>
<b>ewww_image_optimizer_ajax_compat_check()</b>
doing ewww_manual_optimize
<b>EWWWIO_Tracking::schedule_send()</b>
<b>ewww_image_optimizer_manual()</b>
<b>ewww_image_optimizer_resize_from_meta_data()</b>
attachment id: 1185
this image already has metadata, so it is not new
<b>ewww_image_optimizer_attachment_path()</b>
WP (filtered) thinks the file is at: /home/xs947781/med-beauty.net/public_html/renew/wp-content/uploads/2022/04/MED予約方法-NEW.png
retrieved file path: /home/xs947781/med-beauty.net/public_html/renew/wp-content/uploads/2022/04/MED予約方法-NEW.png
<b>ewww_image_optimizer_mimetype()</b>
testing mimetype: /home/xs947781/med-beauty.net/public_html/renew/wp-content/uploads/2022/04/MED予約方法-NEW.png
89504e470d0a1a0a0000000d
ewwwio type: image/png
<b>ewww_image_optimizer_attachment_check_variant_level()</b>
creating EWWW_Image with /home/xs947781/med-beauty.net/public_html/renew/wp-content/uploads/2022/04/MED予約方法-NEW.png
<b>ewww_image_optimizer_find_already_optimized()</b>
not a new image, resize existing enabled, and Imsanity not detected
<b>ewww_image_optimizer_resize_upload()</b>
resizing images from somewhere else
other dimensions not set, overriding with media dimensions
uploaded from: https://med-beauty.net/renew/wp-admin/upload.php?mode=list
<b>ewww_image_optimizer_mimetype()</b>
testing mimetype: /home/xs947781/med-beauty.net/public_html/renew/wp-content/uploads/2022/04/MED予約方法-NEW.png
89504e470d0a1a0a0000000d
ewwwio type: image/png
image too small for resizing
<b>ewww_image_optimizer_detect_wpsf_location_lock()</b>
<b>ewww_image_optimizer_detect_wpsf_location_lock()</b>
running in sequence
<b>ewww_image_optimizer()</b>
<b>ewww_image_optimizer_exec_check()</b>
permissions: 0604, owner: xxxxxxxx7781, group: xxxxxmbers
<b>ewww_image_optimizer_mimetype()</b>
testing mimetype: /home/xs947781/med-beauty.net/public_html/renew/wp-content/uploads/2022/04/MED予約方法-NEW.png
89504e470d0a1a0a0000000d
ewwwio type: image/png
<b>ewww_image_optimizer_find_nix_binary()</b>
<b>ewww_image_optimizer_tool_found()</b>
testing case: n at /usr/bin/nice
/usr/bin/nice: 0
nice found
<b>ewww_image_optimizer_skip_tools()</b>
enabled: jpegtran
enabled: optipng
enabled: gifsicle
original filesize: 149189
<b>ewww_image_optimizer_is_animated_png()</b>
found IDAT, but no acTL (animated) chunk in PNG
PNG to JPG conversion turned off
<b>ewww_image_optimizer_path_check()</b>
<b>ewww_image_optimizer_find_nix_binary()</b>
found /home/xs947781/med-beauty.net/public_html/renew/wp-content/ewww/optipng, testing...
<b>ewww_image_optimizer_md5check()</b>
/home/xs947781/med-beauty.net/public_html/renew/wp-content/ewww/optipng: 4404076a4f9119d4dfbb7acb00eb65345e804186a019c7136d8f8e87fb0cb997
checksum verified, binary is intact
<b>ewww_image_optimizer_mimetype()</b>
testing mimetype: /home/xs947781/med-beauty.net/public_html/renew/wp-content/ewww/optipng
7f454c46
ewwwio type: application/x-executable
<b>ewww_image_optimizer_tool_found()</b>
testing case: o at /home/xs947781/med-beauty.net/public_html/renew/wp-content/ewww/optipng
/home/xs947781/med-beauty.net/public_html/renew/wp-content/ewww/optipng: OptiPNG version 0.7.7
optimizer found
defining EWWW_IMAGE_OPTIMIZER_OPTIPNG
using: /home/xs947781/med-beauty.net/public_html/renew/wp-content/ewww/optipng
<b>ewww_image_optimizer_tool_found()</b>
testing case: o at /home/xs947781/med-beauty.net/public_html/renew/wp-content/ewww/optipng
/home/xs947781/med-beauty.net/public_html/renew/wp-content/ewww/optipng: OptiPNG version 0.7.7
optimizer found
<b>ewww_image_optimizer_mimetype()</b>
testing mimetype: /home/xs947781/med-beauty.net/public_html/renew/wp-content/uploads/2022/04/MED予約方法-NEW.png.tmp.png
89504e470d0a1a0a0000000d
ewwwio type: image/png
<b>ewww_image_optimizer_webp_create()</b>
folder mode: 16837
attempting chmod with 388
<b>ewww_image_optimizer_update_table()</b>
<b>ewww_image_optimizer_find_already_optimized()</b>
savings: 94091 (new) vs. 149189 (orig)
original and new file are different size:  36.9% (53.8 KB )  を減少
creating new record, path: /home/xs947781/med-beauty.net/public_html/renew/wp-content/uploads/2022/04/MED予約方法-NEW.png, size: 94091
<b>ewww_image_optimizer_update_savings()</b>
increasing 150513624 by 94091
increasing 157841652 by 149189
<b>ewww_image_optimizer_hidpi_optimize()</b>
processing resizes
processing size: medium
creating EWWW_Image with /home/xs947781/med-beauty.net/public_html/renew/wp-content/uploads/2022/04/MED予約方法-NEW-300x300.png
<b>ewww_image_optimizer_find_already_optimized()</b>
<b>ewww_image_optimizer()</b>
permissions: 0604, owner: xxxxxxxx7781, group: xxxxxmbers
<b>ewww_image_optimizer_mimetype()</b>
testing mimetype: /home/xs947781/med-beauty.net/public_html/renew/wp-content/uploads/2022/04/MED予約方法-NEW-300x300.png
89504e470d0a1a0a0000000d
ewwwio type: image/png
<b>ewww_image_optimizer_find_nix_binary()</b>
<b>ewww_image_optimizer_tool_found()</b>
testing case: n at /usr/bin/nice
/usr/bin/nice: 0
nice found
<b>ewww_image_optimizer_skip_tools()</b>
enabled: jpegtran
enabled: optipng
enabled: gifsicle
original filesize: 37485
<b>ewww_image_optimizer_is_animated_png()</b>
found IDAT, but no acTL (animated) chunk in PNG
PNG to JPG conversion turned off
<b>ewww_image_optimizer_path_check()</b>
using: /home/xs947781/med-beauty.net/public_html/renew/wp-content/ewww/optipng
<b>ewww_image_optimizer_tool_found()</b>
testing case: o at /home/xs947781/med-beauty.net/public_html/renew/wp-content/ewww/optipng
/home/xs947781/med-beauty.net/public_html/renew/wp-content/ewww/optipng: OptiPNG version 0.7.7
optimizer found
<b>ewww_image_optimizer_mimetype()</b>
testing mimetype: /home/xs947781/med-beauty.net/public_html/renew/wp-content/uploads/2022/04/MED予約方法-NEW-300x300.png.tmp.png
89504e470d0a1a0a0000000d
ewwwio type: image/png
<b>ewww_image_optimizer_webp_create()</b>
folder mode: 16837
attempting chmod with 388
<b>ewww_image_optimizer_update_table()</b>
<b>ewww_image_optimizer_find_already_optimized()</b>
savings: 25702 (new) vs. 37485 (orig)
original and new file are different size:  31.4% (11.5 KB )  を減少
creating new record, path: /home/xs947781/med-beauty.net/public_html/renew/wp-content/uploads/2022/04/MED予約方法-NEW-300x300.png, size: 25702
<b>ewww_image_optimizer_update_savings()</b>
increasing 150607715 by 25702
increasing 157990841 by 37485
<b>ewww_image_optimizer_hidpi_optimize()</b>
processing size: large
creating EWWW_Image with /home/xs947781/med-beauty.net/public_html/renew/wp-content/uploads/2022/04/MED予約方法-NEW-1024x1024.png
<b>ewww_image_optimizer_find_already_optimized()</b>
<b>ewww_image_optimizer()</b>
permissions: 0604, owner: xxxxxxxx7781, group: xxxxxmbers
<b>ewww_image_optimizer_mimetype()</b>
testing mimetype: /home/xs947781/med-beauty.net/public_html/renew/wp-content/uploads/2022/04/MED予約方法-NEW-1024x1024.png
89504e470d0a1a0a0000000d
ewwwio type: image/png
<b>ewww_image_optimizer_find_nix_binary()</b>
<b>ewww_image_optimizer_tool_found()</b>
testing case: n at /usr/bin/nice
/usr/bin/nice: 0
nice found
<b>ewww_image_optimizer_skip_tools()</b>
enabled: jpegtran
enabled: optipng
enabled: gifsicle
original filesize: 185078
<b>ewww_image_optimizer_is_animated_png()</b>
found IDAT, but no acTL (animated) chunk in PNG
PNG to JPG conversion turned off
<b>ewww_image_optimizer_path_check()</b>
using: /home/xs947781/med-beauty.net/public_html/renew/wp-content/ewww/optipng
<b>ewww_image_optimizer_tool_found()</b>
testing case: o at /home/xs947781/med-beauty.net/public_html/renew/wp-content/ewww/optipng
/home/xs947781/med-beauty.net/public_html/renew/wp-content/ewww/optipng: OptiPNG version 0.7.7
optimizer found
<b>ewww_image_optimizer_mimetype()</b>
testing mimetype: /home/xs947781/med-beauty.net/public_html/renew/wp-content/uploads/2022/04/MED予約方法-NEW-1024x1024.png.tmp.png
89504e470d0a1a0a0000000d
ewwwio type: image/png
<b>ewww_image_optimizer_webp_create()</b>
folder mode: 16837
attempting chmod with 388
<b>ewww_image_optimizer_update_table()</b>
<b>ewww_image_optimizer_find_already_optimized()</b>
savings: 132059 (new) vs. 185078 (orig)
original and new file are different size:  28.6% (51.8 KB )  を減少
creating new record, path: /home/xs947781/med-beauty.net/public_html/renew/wp-content/uploads/2022/04/MED予約方法-NEW-1024x1024.png, size: 132059
<b>ewww_image_optimizer_update_savings()</b>
increasing 150633417 by 132059
increasing 158028326 by 185078
<b>ewww_image_optimizer_hidpi_optimize()</b>
processing size: thumbnail
creating EWWW_Image with /home/xs947781/med-beauty.net/public_html/renew/wp-content/uploads/2022/04/MED予約方法-NEW-150x150.png
<b>ewww_image_optimizer_find_already_optimized()</b>
<b>ewww_image_optimizer()</b>
permissions: 0604, owner: xxxxxxxx7781, group: xxxxxmbers
<b>ewww_image_optimizer_mimetype()</b>
testing mimetype: /home/xs947781/med-beauty.net/public_html/renew/wp-content/uploads/2022/04/MED予約方法-NEW-150x150.png
89504e470d0a1a0a0000000d
ewwwio type: image/png
<b>ewww_image_optimizer_find_nix_binary()</b>
<b>ewww_image_optimizer_tool_found()</b>
testing case: n at /usr/bin/nice
/usr/bin/nice: 0
nice found
<b>ewww_image_optimizer_skip_tools()</b>
enabled: jpegtran
enabled: optipng
enabled: gifsicle
original filesize: 13790
<b>ewww_image_optimizer_is_animated_png()</b>
found IDAT, but no acTL (animated) chunk in PNG
PNG to JPG conversion turned off
<b>ewww_image_optimizer_path_check()</b>
using: /home/xs947781/med-beauty.net/public_html/renew/wp-content/ewww/optipng
<b>ewww_image_optimizer_tool_found()</b>
testing case: o at /home/xs947781/med-beauty.net/public_html/renew/wp-content/ewww/optipng
/home/xs947781/med-beauty.net/public_html/renew/wp-content/ewww/optipng: OptiPNG version 0.7.7
optimizer found
<b>ewww_image_optimizer_mimetype()</b>
testing mimetype: /home/xs947781/med-beauty.net/public_html/renew/wp-content/uploads/2022/04/MED予約方法-NEW-150x150.png.tmp.png
89504e470d0a1a0a0000000d
ewwwio type: image/png
<b>ewww_image_optimizer_webp_create()</b>
folder mode: 16837
attempting chmod with 388
<b>ewww_image_optimizer_update_table()</b>
<b>ewww_image_optimizer_find_already_optimized()</b>
savings: 9964 (new) vs. 13790 (orig)
original and new file are different size:  27.7% (3.7 KB )  を減少
creating new record, path: /home/xs947781/med-beauty.net/public_html/renew/wp-content/uploads/2022/04/MED予約方法-NEW-150x150.png, size: 9964
<b>ewww_image_optimizer_update_savings()</b>
increasing 150765476 by 9964
increasing 158213404 by 13790
<b>ewww_image_optimizer_hidpi_optimize()</b>
processing size: medium_large
creating EWWW_Image with /home/xs947781/med-beauty.net/public_html/renew/wp-content/uploads/2022/04/MED予約方法-NEW-768x768.png
<b>ewww_image_optimizer_find_already_optimized()</b>
<b>ewww_image_optimizer()</b>
permissions: 0604, owner: xxxxxxxx7781, group: xxxxxmbers
<b>ewww_image_optimizer_mimetype()</b>
testing mimetype: /home/xs947781/med-beauty.net/public_html/renew/wp-content/uploads/2022/04/MED予約方法-NEW-768x768.png
89504e470d0a1a0a0000000d
ewwwio type: image/png
<b>ewww_image_optimizer_find_nix_binary()</b>
<b>ewww_image_optimizer_tool_found()</b>
testing case: n at /usr/bin/nice
/usr/bin/nice: 0
nice found
<b>ewww_image_optimizer_skip_tools()</b>
enabled: jpegtran
enabled: optipng
enabled: gifsicle
original filesize: 129575
<b>ewww_image_optimizer_is_animated_png()</b>
found IDAT, but no acTL (animated) chunk in PNG
PNG to JPG conversion turned off
<b>ewww_image_optimizer_path_check()</b>
using: /home/xs947781/med-beauty.net/public_html/renew/wp-content/ewww/optipng
<b>ewww_image_optimizer_tool_found()</b>
testing case: o at /home/xs947781/med-beauty.net/public_html/renew/wp-content/ewww/optipng
/home/xs947781/med-beauty.net/public_html/renew/wp-content/ewww/optipng: OptiPNG version 0.7.7
optimizer found
<b>ewww_image_optimizer_mimetype()</b>
testing mimetype: /home/xs947781/med-beauty.net/public_html/renew/wp-content/uploads/2022/04/MED予約方法-NEW-768x768.png.tmp.png
89504e470d0a1a0a0000000d
ewwwio type: image/png
<b>ewww_image_optimizer_webp_create()</b>
folder mode: 16837
attempting chmod with 388
<b>ewww_image_optimizer_update_table()</b>
<b>ewww_image_optimizer_find_already_optimized()</b>
savings: 89917 (new) vs. 129575 (orig)
original and new file are different size:  30.6% (38.7 KB )  を減少
creating new record, path: /home/xs947781/med-beauty.net/public_html/renew/wp-content/uploads/2022/04/MED予約方法-NEW-768x768.png, size: 89917
<b>ewww_image_optimizer_update_savings()</b>
increasing 150775440 by 89917
increasing 158227194 by 129575
<b>ewww_image_optimizer_hidpi_optimize()</b>
2022-05-18 09:58:10
<b>ewww_image_optimizer_attachment_path()</b>
WP (filtered) thinks the file is at: /home/xs947781/med-beauty.net/public_html/renew/wp-content/uploads/2022/04/MED予約方法-NEW.png
failed to save meta, or no changes
<b>ewww_image_optimizer_custom_column()</b>
<b>ewww_image_optimizer_attachment_path()</b>
WP (filtered) thinks the file is at: /home/xs947781/med-beauty.net/public_html/renew/wp-content/uploads/2022/04/MED予約方法-NEW.png
<b>ewww_image_optimizer_mimetype()</b>
testing mimetype: /home/xs947781/med-beauty.net/public_html/renew/wp-content/uploads/2022/04/MED予約方法-NEW.png
89504e470d0a1a0a0000000d
ewwwio type: image/png
<b>ewww_image_optimizer_tool_init()</b>
<b>ewww_image_optimizer_install_tools()</b>
Checking/Installing tools in /home/xs947781/med-beauty.net/public_html/renew/wp-content/ewww/
wp-content/ewww permissions: 0705
<b>ewww_image_optimizer_install_paths()</b>
CPU architecture: x86_64
generated paths:
/home/xs947781/med-beauty.net/public_html/renew/wp-content/plugins/ewww-image-optimizer/binaries/jpegtran-linux
/home/xs947781/med-beauty.net/public_html/renew/wp-content/plugins/ewww-image-optimizer/binaries/optipng-linux
/home/xs947781/med-beauty.net/public_html/renew/wp-content/plugins/ewww-image-optimizer/binaries/gifsicle-linux
/home/xs947781/med-beauty.net/public_html/renew/wp-content/plugins/ewww-image-optimizer/binaries/pngquant-linux
/home/xs947781/med-beauty.net/public_html/renew/wp-content/plugins/ewww-image-optimizer/binaries/cwebp-linux
/home/xs947781/med-beauty.net/public_html/renew/wp-content/ewww/jpegtran
/home/xs947781/med-beauty.net/public_html/renew/wp-content/ewww/optipng
/home/xs947781/med-beauty.net/public_html/renew/wp-content/ewww/gifsicle
/home/xs947781/med-beauty.net/public_html/renew/wp-content/ewww/pngquant
/home/xs947781/med-beauty.net/public_html/renew/wp-content/ewww/cwebp
<b>ewww_image_optimizer_skip_tools()</b>
enabled: jpegtran
enabled: optipng
enabled: gifsicle
Linux/UNIX style OS, checking permissions
<b>ewww_image_optimizer_check_permissions()</b>
permissions for /home/xs947781/med-beauty.net/public_html/renew/wp-content/ewww/jpegtran: 0755
permissions ok
<b>ewww_image_optimizer_check_permissions()</b>
permissions for /home/xs947781/med-beauty.net/public_html/renew/wp-content/ewww/gifsicle: 0755
permissions ok
<b>ewww_image_optimizer_check_permissions()</b>
permissions for /home/xs947781/med-beauty.net/public_html/renew/wp-content/ewww/optipng: 0755
permissions ok
<b>ewww_image_optimizer_notice_utils()</b>
<b>ewww_image_optimizer_exec_check()</b>
<b>ewww_image_optimizer_skip_tools()</b>
enabled: jpegtran
enabled: optipng
enabled: gifsicle
<b>ewww_image_optimizer_path_check()</b>
<b>ewww_image_optimizer_find_nix_binary()</b>
found /home/xs947781/med-beauty.net/public_html/renew/wp-content/ewww/jpegtran, testing...
<b>ewww_image_optimizer_md5check()</b>
/home/xs947781/med-beauty.net/public_html/renew/wp-content/ewww/jpegtran: c0a44f6f16ddc78d8d027ffd3e09c512d637876833c5ffaaf5b1e7acd5ce3cda
checksum verified, binary is intact
<b>ewww_image_optimizer_mimetype()</b>
testing mimetype: /home/xs947781/med-beauty.net/public_html/renew/wp-content/ewww/jpegtran
7f454c46
ewwwio type: application/x-executable
<b>ewww_image_optimizer_tool_found()</b>
testing case: j at /home/xs947781/med-beauty.net/public_html/renew/wp-content/ewww/jpegtran
/home/xs947781/med-beauty.net/public_html/renew/wp-content/ewww/jpegtran: Independent JPEG Group's JPEGTRAN, version 9d  12-Jan-2020
optimizer found
defining EWWW_IMAGE_OPTIMIZER_JPEGTRAN
<b>ewww_image_optimizer_find_nix_binary()</b>
found /home/xs947781/med-beauty.net/public_html/renew/wp-content/ewww/gifsicle, testing...
<b>ewww_image_optimizer_md5check()</b>
/home/xs947781/med-beauty.net/public_html/renew/wp-content/ewww/gifsicle: 566f058b2043c4f3c8c049b0507bfa78dcb33dac52b132cade5f67bbb62d91e4
checksum verified, binary is intact
<b>ewww_image_optimizer_mimetype()</b>
testing mimetype: /home/xs947781/med-beauty.net/public_html/renew/wp-content/ewww/gifsicle
7f454c46
ewwwio type: application/x-executable
<b>ewww_image_optimizer_tool_found()</b>
testing case: g at /home/xs947781/med-beauty.net/public_html/renew/wp-content/ewww/gifsicle
/home/xs947781/med-beauty.net/public_html/renew/wp-content/ewww/gifsicle: LCDF Gifsicle 1.91
optimizer found
defining EWWW_IMAGE_OPTIMIZER_GIFSICLE
using: /home/xs947781/med-beauty.net/public_html/renew/wp-content/ewww/jpegtran
using: /home/xs947781/med-beauty.net/public_html/renew/wp-content/ewww/optipng
using: /home/xs947781/med-beauty.net/public_html/renew/wp-content/ewww/gifsicle
defining EWWW_IMAGE_OPTIMIZER_PNGOUT
defining EWWW_IMAGE_OPTIMIZER_PNGQUANT
defining EWWW_IMAGE_OPTIMIZER_CWEBP
defining EWWW_IMAGE_OPTIMIZER_SVGCLEANER
<b>ewww_image_optimizer_skip_tools()</b>
enabled: jpegtran
enabled: optipng
enabled: gifsicle
<b>ewww_image_optimizer_custom_column_results()</b>
original and new file are different size:  28.6% (51.8 KB )  を減少
original and new file are different size:  36.9% (53.8 KB )  を減少
original and new file are different size:  30.6% (38.7 KB )  を減少
original and new file are different size:  31.4% (11.5 KB )  を減少
original and new file are different size:  27.7% (3.7 KB )  を減少
original and new file are different size:  31.7% (159.6 KB )  を減少
<b>ewww_image_optimizer_variant_level_notice()</b>
